truth: R_head = 0.31220 m/s,  LB = 2.4000

M
   U/U_true    R0_fit   R0_pred   kLB_fit  kLB_pred    R_head      LB   chi2-min
      0.670   0.13806   0.13805    0.5223    0.5221   0.31224   2.400       1.60
      0.741   0.12813   0.12812    0.4724    0.4725   0.31222   2.400       0.62
      0.819   0.11844   0.11843    0.4275    0.4275   0.31223   2.400       1.46
      0.905   0.10905   0.10903    0.3869    0.3868   0.31223   2.400       1.12
      1.000   0.10001   0.10000    0.3500    0.3500   0.31223   2.400       0.14
      1.105   0.09139   0.09138    0.3167    0.3167   0.31224   2.400       1.26
      1.221   0.08322   0.08321    0.2867    0.2866   0.31226   2.401       0.48
      1.350   0.07553   0.07552    0.2593    0.2593   0.31225   2.400       0.92
      1.492   0.06834   0.06833    0.2347    0.2346   0.31225   2.400       0.00
  median |R0_fit / R0_pred - 1| = 0.0%
  median |kLB_fit / kLB_pred - 1| = 0.0%
  R_head conserved along the trajectory: CV = 0.00%   (truth 0.31220)
  LB     conserved along the trajectory: CV = 0.01%   (truth 2.4000)

M+P+C
   U/U_true    R0_fit   R0_pred   kLB_fit  kLB_pred    R_head      LB   chi2-min
      0.670   0.14465   0.13805    0.5786    0.5221   0.32714   2.551  131759.78
      0.741   0.13165   0.12812    0.5011    0.4725   0.32078   2.485   69342.14
      0.819   0.11985   0.11843    0.4434    0.4275   0.31595   2.452   32901.34
      0.905   0.10948   0.10903    0.3954    0.3868   0.31347   2.431   11217.25
      1.000   0.10001   0.10000    0.3502    0.3500   0.31224   2.401       0.00
      1.105   0.09104   0.09138    0.3053    0.3167   0.31105   2.350   19244.62
      1.221   0.08241   0.08321    0.2642    0.2866   0.30922   2.291   73023.59
      1.350   0.07408   0.07552    0.2234    0.2593   0.30626   2.206  183179.09
      1.492   0.06870   0.06833    0.2226    0.2346   0.31392   2.329  249950.97
  median |R0_fit / R0_pred - 1| = 1.0%
  median |kLB_fit / kLB_pred - 1| = 5.1%
  R_head conserved along the trajectory: CV = 1.88%   (truth 0.31220)
  LB     conserved along the trajectory: CV = 4.18%   (truth 2.4000)

wrote C:\Users\Administrator\新建文件夹\figures\fig_confound_trajectory.png
wrote C:\Users\Administrator\新建文件夹\results\confound_trajectory.json
