==========================================================================
[A] the two Fisher paths must agree on the mask-only case
==========================================================================
    max relative difference = 0.000e+00   [target < 1e-6]
    CRB via analyze-path       : [2.2947e-02 2.6032e-02 6.1506e-04 2.5962e-02 9.5528e+01 9.5528e+01]
    CRB via shared-Jacobian    : [2.2947e-02 2.6032e-02 6.1506e-04 2.5962e-02 9.5528e+01 9.5528e+01]
    eigenvalues (shared path)  : 1.096e-04, 1.096e-04, 5.341e+02, 1.826e+05, 2.644e+06, 3.748e+06

==========================================================================
[B] how the mask-only bound moves across the operational envelope
==========================================================================
    reference point: {'R0': 0.1, 'U': 4.0, 'theta_w': 0.7854, 'lb_k': 0.35, 'w_buoy': 3.0, 'Q': 1.0}

        U   lb_k     R0 |         R0          U       lb_k    theta_w |    lam_min  burn%
    -------------------------------------------------------------------------------------
      1.5   0.20  0.100 |     0.2631     0.5424     0.5436     0.0020 |   1.52e+00    5.2
      1.5   0.35  0.100 |     0.3070     0.6334     0.6343     0.0018 |   1.11e+00    4.2
      1.5   0.60  0.100 |     0.2712     0.5589     0.5603     0.0017 |   1.43e+00    3.4
      2.5   0.20  0.100 |     0.1090     0.1560     0.1568     0.0012 |   1.64e+01    6.8
      2.5   0.35  0.100 |     0.1404     0.2012     0.2019     0.0011 |   9.91e+00    5.3
      2.5   0.60  0.100 |     0.1400     0.2007     0.2015     0.0010 |   9.95e+00    4.3
      4.0   0.20  0.100 |     0.0528     0.0596     0.0598     0.0007 |   1.01e+02   10.0
      4.0   0.35  0.100 |     0.0229     0.0260     0.0260     0.0006 |   5.34e+02    7.7
      4.0   0.60  0.100 |     0.0434     0.0495     0.0489     0.0006 |   1.49e+02    6.0
      6.0   0.20  0.100 |     0.0112     0.0112     0.0110     0.0004 |   2.70e+03   15.7
      6.0   0.35  0.100 |     0.0046     0.0044     0.0046     0.0003 |   1.71e+04   11.8
      6.0   0.60  0.100 |     0.0019     0.0018     0.0030     0.0003 |   7.46e+04    9.2
      9.0   0.20  0.100 |     0.0002     0.0001     0.0002     0.0001 |   2.89e+07   35.8
      9.0   0.35  0.100 |     0.0001     0.0001     0.0001     0.0001 |   4.28e+07   29.9
      9.0   0.60  0.100 |     0.0001     0.0001     0.0001     0.0001 |   3.61e+07   28.3

    Note: CRB is a *local* bound. A large value means the misfit is flat
    along some direction at that point; it is expected to depend on the
    operating point, and how strongly is exactly what this table measures.
