device=cuda  scenarios=80
    #    U0    U1   veer     R0  truth(min)  window(min)  worst err        IoU range
    1  2.18  4.04   31.7  0.101        28.2          5.0        3.0   0.792-1.000
    2  5.90  9.39   44.7  0.103        25.2          5.0        3.0   0.261-1.000
    3  2.24  4.67   23.2  0.128        30.2          7.0        4.0   0.798-1.000
    4  5.48 11.36   20.9  0.128        26.2         16.0       13.0   0.306-1.000
    5  2.00  2.81   36.2  0.131        28.2          5.0        3.0   0.820-1.000
    6  3.27  5.38   59.9  0.141        26.2          5.0        4.0   0.428-1.000
    7  3.28  5.60   31.8  0.084        28.2          7.0        4.0   0.748-1.000
    8  5.73  8.99   67.6  0.061        27.2          7.0        4.0   0.594-1.000
    9  3.86  5.04   54.6  0.128        25.2          4.0        2.0   0.556-1.000
   10  3.51  5.58   59.9  0.124        27.2          5.0        3.0   0.678-1.000
   11  2.61  4.18   47.7  0.141        26.2          5.0        3.0   0.806-1.000
   12  5.83  7.01   41.0  0.108        23.2          2.0        1.0   0.664-1.000
   13  5.74 12.56   29.4  0.123        25.2         13.0       10.0   0.310-1.000
   14  2.63  5.41   61.4  0.142        28.2          6.0        4.0   0.834-1.000
   15  4.11  7.20   25.3  0.074        28.2          8.0        5.0   0.595-1.000
   16  3.11  3.75   29.8  0.146        27.2          6.0        4.0   0.907-1.000
   17  5.71  9.45   53.3  0.094        25.2          6.0        4.0   0.202-1.000
   18  3.35  6.01   56.9  0.146        27.2          6.0        3.0   0.416-1.000
   19  2.81  5.07   64.3  0.081        28.2          6.0        4.0   0.761-1.000
   20  3.47  6.88   67.0  0.095        28.2          7.0        4.0   0.721-1.000
   21  4.83  6.91   63.6  0.098        26.2          5.0        3.0   0.796-1.000
   22  4.12  5.03   47.8  0.064        24.2          3.0        2.0   0.734-1.000
   23  4.39  7.74   44.6  0.109        27.2          7.0        4.0   0.297-1.000
   24  2.99  4.16   69.5  0.122        27.2          5.0        3.0   0.755-1.000
   25  2.99  5.64   32.5  0.062        29.2          7.0        4.0   0.770-1.000
   26  2.77  4.84   42.7  0.067        28.2          5.0        3.0   0.781-1.000
   27  3.95  7.64   32.6  0.087        28.2          7.0        4.0   0.555-1.000
   28  3.30  5.16   28.8  0.079        27.2          6.0        4.0   0.758-1.000
   29  2.24  4.04   69.1  0.060        29.2          5.0        3.0   0.789-1.000
   30  2.97  3.86   62.7  0.149        26.2          4.0        2.0   0.832-1.000
   31  2.25  2.76   27.8  0.083        29.2          5.0        3.0   0.824-1.000
   32  2.53  3.33   40.5  0.152        25.2          4.0        3.0   0.838-1.000
   33  2.08  3.91   33.1  0.140        28.2          5.0        3.0   0.791-1.000
   34  3.00  3.81   46.2  0.108        25.2          4.0        2.0   0.768-1.000
   35  3.62  5.03   36.6  0.078        26.2          5.0        3.0   0.756-1.000
   36  3.55  5.44   42.1  0.103        25.2          4.0        3.0   0.805-1.000
   37  3.47  6.09   50.3  0.067        27.2          6.0        4.0   0.736-1.000
   38  2.56  4.28   64.1  0.156        27.2          5.0        3.0   0.755-1.000
   39  4.06  8.19   39.9  0.073        27.2          7.0        5.0   0.531-1.000
   40  2.05  3.86   29.8  0.138        28.2          5.0        3.0   0.776-1.000
   41  2.76  3.51   27.9  0.126        28.2          6.0        4.0   0.797-1.000
   42  5.35  6.46   22.9  0.078        25.2          6.0        4.0   0.600-1.000
   43  5.73 12.21   31.3  0.066        30.2         13.0        7.0   0.233-1.000
   44  4.34  6.79   48.6  0.086        25.2          5.0        3.0   0.537-1.000
   45  3.13  5.61   24.2  0.117        28.2          6.0        4.0   0.829-1.000
   46  2.27  3.31   65.0  0.112        28.2          5.0        3.0   0.795-1.000
   47  2.98  6.24   59.9  0.119        27.2          6.0        4.0   0.482-1.000
   48  4.33  8.20   46.1  0.093        27.2          6.0        4.0   0.831-1.000
   49  4.95 10.83   35.0  0.112        26.2         15.0       12.0   0.192-1.000
   50  2.29  2.83   34.5  0.086        27.2          5.0        4.0   0.827-1.000
   51  2.62  5.53   42.0  0.086        27.2          5.0        4.0   0.758-1.000
   52  3.40  6.56   57.2  0.067        28.2          7.0        4.0   0.732-1.000
   53  3.88  8.08   26.3  0.150        29.2         11.0        6.0   0.425-1.000
   54  4.64  5.67   29.5  0.081        24.2          4.0        3.0   0.719-1.000
   55  4.20  7.22   32.0  0.102        27.2          6.0        3.0   0.367-1.000
   56  4.33  5.74   37.7  0.125        25.2          4.0        3.0   0.375-1.000
   57  3.81  7.71   20.3  0.093        29.2          8.0        5.0   0.446-1.000
   58  2.36  3.84   30.8  0.151        28.2          5.0        3.0   0.791-1.000
   59  5.36  9.21   27.4  0.133        29.2          9.0        5.0   0.436-1.000
   60  5.40 10.74   39.6  0.154        22.2          8.0        7.0   0.371-1.000
   61  2.42  3.38   67.8  0.106        27.2          5.0        3.0   0.783-1.000
   62  4.31  5.21   31.0  0.117        25.2          4.0        3.0   0.653-1.000
   63  2.61  4.11   37.1  0.106        27.2          5.0        3.0   0.778-1.000
   64  4.13  8.43   58.7  0.083        28.2          7.0        4.0   0.175-1.000
   65  4.17  7.38   69.5  0.120        28.2          7.0        4.0   0.882-1.000
   66  3.87  4.66   30.0  0.133        24.2          4.0        3.0   0.853-1.000
   67  4.61  5.73   46.8  0.156        23.2          4.0        2.0   0.349-1.000
   68  2.35  2.97   22.3  0.123        28.2          6.0        4.0   0.812-1.000
   69  4.73  9.67   31.1  0.070        28.2          8.0        5.0   0.479-1.000

  kept 69 of 80 scenarios (413s)

==============================================================================
ENSEMBLE RESULT
==============================================================================
  width of the arrival-time window that masks cannot narrow:
     median 6.0 min,  IQR 5.0-7.0,  max 16.0
  worst arrival-time error across the indistinguishable family:
     median 4.0 min,  max 13.0
  worst forecast IoU at +20 min within the family:
     median 0.748,  min 0.175
  fraction of fires where the window is at least 5 minutes wide: 83%

wrote C:\Users\Administrator\新建文件夹\figures\fig_forecast_ensemble.png
wrote C:\Users\Administrator\新建文件夹\results\forecast_ensemble.json
