
==============================================================================
[2b] the clamped-regime degeneracy is one-sided
==============================================================================

  U=3.0 law exact
     imposed U error :      -36%      -30%      -24%      -16%       -9%       -0%        9%       20%       31%       43%       57%
     delta chi^2     :   45427.0   29096.0   16126.2    6936.6    1619.1       0.0    1632.3    5840.9    9370.2    9371.2    9368.6
     under-estimating U: max dchi2    45427.0   sigma =    0.2 %
     over-estimating  U: max dchi2     9371.2   sigma =    0.3 %

  U=3.0 law uncertain
     imposed U error :      -36%      -30%      -24%      -16%       -9%       -0%        9%       20%       31%       43%       57%
     delta chi^2     :       0.0       0.1       0.2       0.2       0.5       0.1       0.1       0.1       0.2       0.0       0.2
     under-estimating U: max dchi2        0.5   sigma >   49.4 %
     over-estimating  U: max dchi2        0.2   sigma >   73.1 %   <- the dangerous side, and it is open

  U=5.0 law exact
     imposed U error :      -36%      -30%      -24%      -16%       -9%       -0%        9%       20%       31%       43%       57%
     delta chi^2     :   15455.3    3238.5       0.0       2.0       1.3       1.1       2.0       1.0       5.2       0.7       3.6
     under-estimating U: max dchi2    15455.3   sigma =    4.0 %
     over-estimating  U: max dchi2        5.2   sigma =   19.6 %
     (the cap is re-entered at an imposed error of -24 %, and that is where the profile turns on)

  U=5.0 law uncertain
     imposed U error :      -36%      -30%      -24%      -16%       -9%       -0%        9%       20%       31%       43%       57%
     delta chi^2     :       6.8       3.9       4.8       2.7       0.8       4.3       3.2       0.1       3.9       4.8       0.0
     under-estimating U: max dchi2        6.8   sigma =   10.8 %
     over-estimating  U: max dchi2        4.8   sigma =   17.7 %
     (the cap is re-entered at an imposed error of -24 %, and that is where the profile turns on)

wrote C:\Users\Administrator\新建文件夹\results\farsite_lb.json
