device=cuda
  train/val/id-test wind: 2.0-5.0 m/s
  ood-test wind:          5.5-8.0 m/s
  masks 6 x 96x96, plume 2 x 56x56

    train 200/2500  (74s, eta 856s)
    train 400/2500  (150s, eta 785s)
    train 600/2500  (224s, eta 710s)
    train 800/2500  (299s, eta 636s)
    train 1000/2500  (373s, eta 560s)
    train 1200/2500  (446s, eta 484s)
    train 1400/2500  (519s, eta 408s)
    train 1600/2500  (593s, eta 334s)
    train 1800/2500  (667s, eta 259s)
    train 2000/2500  (740s, eta 185s)
    train 2200/2500  (814s, eta 111s)
    train 2400/2500  (888s, eta 37s)
  train     n= 2500  ->  fusion_train.npz  (87 MB)

    val 200/250  (74s, eta 18s)
  val       n=  250  ->  fusion_val.npz  (9 MB)

    test_id 200/500  (72s, eta 107s)
    test_id 400/500  (145s, eta 36s)
  test_id   n=  500  ->  fusion_test_id.npz  (17 MB)

    test_ood 200/500  (71s, eta 107s)
    test_ood 400/500  (144s, eta 36s)
  test_ood  n=  500  ->  fusion_test_ood.npz  (18 MB)

done
