
M: profiling wind speed over 15 fixed values
   U x 1.00  chi2 = 1.110211e+05   (31s)
   U x 0.92  chi2 = 1.110220e+05   (46s)
   U x 1.08  chi2 = 1.110233e+05   (30s)
   U x 0.85  chi2 = 1.110218e+05   (42s)
   U x 1.17  chi2 = 1.110212e+05   (35s)
   U x 0.79  chi2 = 1.110220e+05   (29s)
   U x 1.27  chi2 = 1.110226e+05   (31s)
   U x 0.73  chi2 = 1.110218e+05   (30s)
   U x 1.37  chi2 = 1.110222e+05   (47s)
   U x 0.68  chi2 = 1.110233e+05   (77s)
   U x 1.48  chi2 = 1.110213e+05   (141s)
   U x 0.62  chi2 = 1.110225e+05   (84s)
   U x 1.60  chi2 = 1.110219e+05   (120s)
   U x 0.58  chi2 = 1.110216e+05   (84s)
   U x 1.73  chi2 = 1.110211e+05   (96s)
   1-sigma half-width on U: 57.8% of truth (hits the scan edge -- even wider than this)

M+P+C: profiling wind speed over 15 fixed values
   U x 1.00  chi2 = 1.487776e+05   (97s)
   U x 0.92  chi2 = 2.028400e+05   (122s)
   U x 1.08  chi2 = 2.767893e+05   (130s)
   U x 0.85  chi2 = 2.981298e+05   (129s)
   U x 1.17  chi2 = 3.403987e+05   (170s)
   U x 0.79  chi2 = 4.468937e+05   (167s)
   U x 1.27  chi2 = 4.922309e+05   (154s)
   U x 0.73  chi2 = 6.700758e+05   (169s)
   U x 1.37  chi2 = 6.855227e+05   (140s)
   U x 0.68  chi2 = 8.717386e+05   (154s)
   U x 1.48  chi2 = 8.403644e+05   (137s)
   U x 0.62  chi2 = 9.915656e+05   (118s)
   U x 1.60  chi2 = 9.864459e+05   (106s)
   U x 0.58  chi2 = 1.152107e+06   (122s)
   U x 1.73  chi2 = 1.198530e+06   (106s)
   1-sigma half-width on U: 0.0% of truth

==========================================================================
VERDICT: which Jacobian estimator matches the likelihood?
==========================================================================
  set        profile 1-sigma   AD Fisher CRB   FD Fisher CRB
  M                   57.8%        3844.97%           2.22%
  M+P+C                0.0%           0.03%           0.03%
  M: profile is closer to FD (AD off by 10^1.8, FD off by 10^1.4)
  M+P+C: profile is closer to AD (AD off by 10^8.4, FD off by 10^8.4)

wrote C:\Users\Administrator\新建文件夹\figures\fig_profile_likelihood.png
wrote C:\Users\Administrator\新建文件夹\results\profile_likelihood.json
