==============================================================================
[flat, 3 m/s]  truth: R0=0.1, U=3.0, theta_w=0.7854, lb_k=0.35, w_buoy=3.0, Q=1.0
==============================================================================

  masks
    R0: NOT DETERMINED (largest dchi2 over the probe: 0.00)
    U: NOT DETERMINED (largest dchi2 over the probe: 0.00)
    theta_w: determined, sigma ~ 0.046 deg
    lb_k: NOT DETERMINED (largest dchi2 over the probe: 0.00)
    w_buoy: NOT DETERMINED (largest dchi2 over the probe: 0.00)
    Q: NOT DETERMINED (largest dchi2 over the probe: 0.00)
    (14 profile fits, 486s elapsed)

  masks + air quality
    R0: NOT DETERMINED (largest dchi2 over the probe: 0.00)
    U: NOT DETERMINED (largest dchi2 over the probe: 0.00)
    theta_w: determined, sigma ~ 0.042 deg
    lb_k: NOT DETERMINED (largest dchi2 over the probe: 0.00)
    w_buoy: NOT DETERMINED (largest dchi2 over the probe: 0.00)
    Q: NOT DETERMINED (largest dchi2 over the probe: 0.00)
    (14 profile fits, 979s elapsed)

  masks + plume
    R0: determined, sigma ~ 0.3 %
    U: determined, sigma ~ 0.4 %
    theta_w: determined, sigma ~ 0.044 deg
    lb_k: determined, sigma ~ 0.5 %
    w_buoy: determined, sigma ~ 0.4 %
    Q: determined, sigma ~ 0.5 %
    (24 profile fits, 1815s elapsed)

  all three
    R0: determined, sigma ~ 0.3 %
    U: determined, sigma ~ 0.4 %
    theta_w: determined, sigma ~ 0.038 deg
    lb_k: determined, sigma ~ 0.5 %
    w_buoy: determined, sigma ~ 0.4 %
    Q: determined, sigma ~ 0.4 %
    (24 profile fits, 2668s elapsed)
==============================================================================
[20 deg slope, 3 m/s]  truth: R0=0.1, U=3.0, theta_w=0.7854, lb_k=0.35, w_buoy=3.0, Q=1.0
==============================================================================

  masks
    R0: NOT DETERMINED (largest dchi2 over the probe: 0.01)
    U: NOT DETERMINED (largest dchi2 over the probe: 0.00)
    theta_w: NOT DETERMINED (largest dchi2 over the probe: 0.00)
    lb_k: NOT DETERMINED (largest dchi2 over the probe: 0.00)
    w_buoy: NOT DETERMINED (largest dchi2 over the probe: 0.00)
    Q: NOT DETERMINED (largest dchi2 over the probe: 0.00)
    (12 profile fits, 3118s elapsed)

  masks + air quality
    R0: determined, sigma ~ 0.6 %
    U: determined, sigma ~ 0.9 %
    theta_w: determined, sigma ~ 0.233 deg
    lb_k: determined, sigma ~ 0.8 %
    w_buoy: NOT DETERMINED (largest dchi2 over the probe: 0.00)
    Q: determined, sigma ~ 1.3 %
    (22 profile fits, 3932s elapsed)

  masks + plume
    R0: determined, sigma ~ 0.3 %
    U: determined, sigma ~ 0.4 %
    theta_w: determined, sigma ~ 0.103 deg
    lb_k: determined, sigma ~ 0.5 %
    w_buoy: determined, sigma ~ 0.4 %
    Q: determined, sigma ~ 0.5 %
    (24 profile fits, 4796s elapsed)

  all three
    R0: determined, sigma ~ 0.3 %
    U: determined, sigma ~ 0.3 %
    theta_w: determined, sigma ~ 0.094 deg
    lb_k: determined, sigma ~ 0.4 %
    w_buoy: determined, sigma ~ 0.4 %
    Q: determined, sigma ~ 0.4 %
    (24 profile fits, 5645s elapsed)

wrote C:\Users\Administrator\新建文件夹\results\sufficiency_profile.json
wrote C:\Users\Administrator\新建文件夹\figures\fig_sufficiency_profile.png

==============================================================================
what changed against the Cramer-Rao version (section 11)
==============================================================================

  flat, 3 m/s
                   sensors         R0         U   theta_w      lb_k    w_buoy         Q
                     masks         no        no    0.046d        no        no        no
       masks + air quality         no        no    0.042d        no        no        no
             masks + plume      0.33%     0.40%    0.044d     0.50%     0.40%     0.46%
                 all three      0.33%     0.40%    0.038d     0.50%     0.40%     0.45%

  20 deg slope, 3 m/s
                   sensors         R0         U   theta_w      lb_k    w_buoy         Q
                     masks         no        no        no        no        no        no
       masks + air quality      0.64%     0.85%    0.233d     0.83%        no     1.26%
             masks + plume      0.28%     0.36%    0.103d     0.46%     0.41%     0.50%
                 all three      0.26%     0.33%    0.094d     0.42%     0.37%     0.41%
