device=cuda  scenarios=30
  [  1/30] U=3.5 R0=0.146 k_LB=0.21  (5.6s)
  [  2/30] U=7.0 R0=0.141 k_LB=0.57  (13.4s)
  [  3/30] U=1.8 R0=0.179 k_LB=0.27  (14.3s)
  [  4/30] U=4.7 R0=0.095 k_LB=0.25  (14.2s)
  [  5/30] U=4.4 R0=0.142 k_LB=0.59  (14.2s)
  [  6/30] U=4.4 R0=0.153 k_LB=0.49  (14.2s)
  [  7/30] U=8.2 R0=0.123 k_LB=0.34  (14.2s)
  [  8/30] U=4.0 R0=0.139 k_LB=0.56  (14.2s)
  [  9/30] U=7.7 R0=0.063 k_LB=0.30  (14.3s)
  [ 10/30] U=2.6 R0=0.100 k_LB=0.52  (14.2s)
  [ 11/30] U=3.0 R0=0.111 k_LB=0.43  (14.1s)
  [ 12/30] U=8.6 R0=0.080 k_LB=0.24  (14.1s)
  [ 13/30] U=8.7 R0=0.116 k_LB=0.37  (14.4s)
  [ 14/30] U=5.0 R0=0.192 k_LB=0.40  (14.3s)
  [ 15/30] U=7.0 R0=0.112 k_LB=0.57  (14.2s)
  [ 16/30] U=8.8 R0=0.189 k_LB=0.55  (14.2s)
  [ 17/30] U=8.8 R0=0.072 k_LB=0.53  (14.2s)
  [ 18/30] U=8.4 R0=0.170 k_LB=0.42  (14.2s)
  [ 19/30] U=7.0 R0=0.056 k_LB=0.21  (14.2s)
  [ 20/30] U=5.3 R0=0.164 k_LB=0.23  (14.3s)
  [ 21/30] U=4.7 R0=0.102 k_LB=0.42  (14.2s)
  [ 22/30] U=3.2 R0=0.183 k_LB=0.32  (14.2s)
  [ 23/30] U=5.7 R0=0.171 k_LB=0.37  (14.2s)
  [ 24/30] U=4.3 R0=0.194 k_LB=0.44  (14.2s)
  [ 25/30] U=8.3 R0=0.111 k_LB=0.53  (14.2s)
  [ 26/30] U=4.2 R0=0.051 k_LB=0.46  (14.1s)
  [ 27/30] U=2.5 R0=0.192 k_LB=0.22  (14.2s)
  [ 28/30] U=8.8 R0=0.123 k_LB=0.32  (14.3s)
  [ 29/30] U=5.3 R0=0.182 k_LB=0.60  (14.3s)
  [ 30/30] U=7.6 R0=0.182 k_LB=0.58  (14.2s)

total 417s

MEDIAN Cramer-Rao sigma  (fractional; theta_w in rad)
subset              R0             U       theta_w          lb_k        w_buoy             Q
--------------------------------------------------------------------------------------------
M              0.01287       0.01181     0.0004981         0.012         79.62         79.62
P             0.007017       0.00463      0.002871       0.01261      0.003561      0.009011
C                  nan           nan           nan           nan           nan           nan
M+P           0.002332      0.002426     0.0004193      0.002867      0.002899      0.007521
M+C            0.01287       0.01181     0.0004981         0.012         76.96         63.66
P+C           0.007017      0.004561     0.0008921       0.01261      0.003417      0.009011
M+P+C         0.002326      0.002418     0.0004015      0.002859      0.002886      0.007521

FRACTION OF SCENARIOS MEETING OPERATIONAL TOLERANCE
subset              R0             U       theta_w          lb_k        w_buoy             Q
--------------------------------------------------------------------------------------------
M                  90%           90%          100%           93%            0%            0%
P                  67%          100%           97%           77%          100%          100%
C                   3%            3%           20%            3%            0%            3%
M+P               100%          100%          100%          100%          100%          100%
M+C                90%           90%          100%           93%            0%           23%
P+C                67%          100%           97%           77%          100%          100%
M+P+C             100%          100%          100%          100%          100%          100%

MEDIAN Fisher condition number
  M        3.786e+10
  P        3.735e+03
  C        1.000e+00
  M+P      8.400e+02
  M+C      3.786e+10
  P+C      3.631e+03
  M+P+C    8.400e+02

======================================================================
HEADLINE
======================================================================
  wind SPEED from masks alone      : median CRB 0.01 (IQR 0.00-0.05), 90% of scenarios usable
  wind DIRECTION from masks alone  : median CRB 0.03 deg, 100% of scenarios usable
  wind SPEED once the plume is added: median CRB 0.0024, 100% of scenarios usable
  improvement factor on U          : 5x
  emission Q, plume only vs +sensor : 0.0075 -> 0.0075

wrote C:\Users\Administrator\新建文件夹\results\sweep_identifiability.json
