device=cuda  truth={'R0': 0.1, 'U': 4.0, 'theta_w': 0.7854, 'lb_k': 0.35, 'w_buoy': 3.0, 'Q': 1.0}
scenario: 96x96 @ 15.0m, 110 steps x 15.0s = 28 min

==============================================================================
[0] Jacobian sanity: finite differences vs autograd
==============================================================================
    R0       relative disagreement =   0.07 %
    U        relative disagreement =   3.10 %
    theta_w  relative disagreement =   0.38 %
    lb_k     relative disagreement =   0.04 %
    w_buoy   relative disagreement =   0.03 %
    Q        relative disagreement =   0.01 %
    worst = 3.10 %   [target < 15 % on a kinked, limited scheme]

==============================================================================
[1a] Identifiability vs how far the fire has run (fire block)
==============================================================================

  early  (9.0 min)   burn = 1.70% of domain
    subset            R0           U     theta_w        lb_k
    M              6.116        6.92    0.002842       6.924
    M+P         0.001075   0.0003043   0.0004018    0.007874
    M+C          0.00782     0.00843    0.002842     0.01531
    M+P+C       0.001074   0.0003039   0.0004017    0.007829

  full  (27.5 min)   burn = 7.45% of domain
    subset            R0           U     theta_w        lb_k
    M            0.01961     0.02217   0.0004172     0.02223
    M+P        0.0003739   0.0002113   0.0002441    0.001441
    M+C         0.004147    0.004652    0.000416    0.005011
    M+P+C      0.0003735    0.000211   0.0002438     0.00144

    mask-only CRB(U):  early 6.92  ->  full 0.0222   (312x worse early)
    mask+plume CRB(U): early 0.000304  ->  full 0.000211   (essentially flat in time)

==============================================================================
[1] Fisher information per sensor subset (Cramer-Rao bounds)
==============================================================================

  M  (mask only)   (36864 observations, 21.8s)
    eigenvalues (asc): 1.096e-04, 1.096e-04, 5.341e+02, 1.826e+05, 2.644e+06, 3.748e+06
    condition number : 3.420e+10
    weakest direction (all 6 params) : +1.00*w_buoy  +0.00*R0  +0.00*theta_w
    weakest direction (fire block)   : -0.60*U  +0.60*lb_k  +0.53*R0   [lambda_min = 5.341e+02, cond = 7.02e+03]
    Cramer-Rao sigma (fractional for R0/U/k_LB/w_b/Q, rad for theta_w):
      R0           0.023
      U            0.026
      theta_w      0.001
      lb_k         0.026
      w_buoy      95.528  UNIDENTIFIABLE
      Q           95.528  UNIDENTIFIABLE

  M+P (mask + plume image)   (43136 observations, 21.3s)
    eigenvalues (asc): 2.370e+03, 6.810e+04, 2.764e+05, 1.437e+06, 7.747e+06, 3.654e+07
    condition number : 1.542e+04
    weakest direction (all 6 params) : +0.99*Q  +0.08*w_buoy  -0.06*R0
    weakest direction (fire block)   : +0.98*lb_k  +0.19*R0  -0.10*U   [lambda_min = 1.380e+05, cond = 2.43e+02]
    Cramer-Rao sigma (fractional for R0/U/k_LB/w_b/Q, rad for theta_w):
      R0           0.002
      U            0.002
      theta_w      0.001
      lb_k         0.003
      w_buoy       0.003
      Q            0.020

  M+C (mask + air-quality)   (36876 observations, 21.4s)
    eigenvalues (asc): 1.110e-04, 3.900e+02, 1.978e+04, 1.853e+05, 2.679e+06, 3.773e+06
    condition number : 3.400e+10
    weakest direction (all 6 params) : +1.00*w_buoy  +0.00*R0  +0.00*theta_w
    weakest direction (fire block)   : +0.61*lb_k  -0.59*U  +0.53*R0   [lambda_min = 5.782e+03, cond = 6.52e+02]
    Cramer-Rao sigma (fractional for R0/U/k_LB/w_b/Q, rad for theta_w):
      R0           0.023
      U            0.026
      theta_w      0.001
      lb_k         0.026
      w_buoy      94.936  UNIDENTIFIABLE
      Q            0.027

  M+P+C (all three)   (43148 observations, 22.3s)
    eigenvalues (asc): 1.467e+04, 7.201e+04, 2.775e+05, 1.448e+06, 7.773e+06, 3.657e+07
    condition number : 2.493e+03
    weakest direction (all 6 params) : +0.97*Q  +0.15*w_buoy  -0.13*lb_k
    weakest direction (fire block)   : +0.98*lb_k  +0.19*R0  -0.10*U   [lambda_min = 1.387e+05, cond = 2.42e+02]
    Cramer-Rao sigma (fractional for R0/U/k_LB/w_b/Q, rad for theta_w):
      R0           0.001
      U            0.001
      theta_w      0.001
      lb_k         0.003
      w_buoy       0.003
      Q            0.008

==============================================================================
[2] Actual inversion: LM from 4 random starts per subset
==============================================================================
    coarse-to-fine ladder (plume blur sigma, iters): ((4.0, 8), (2.0, 6), (1.0, 5), (0.0, 14))

  M  (mask only)
    start 0: loss 2.92e+05 -> 3.67e+04 (5 accepted / 12 it, 120s)   R0=94%  U=62%  theta_w=0.0deg  Q=45%
    start 1: loss 1.50e+05 -> 3.67e+04 (9 accepted / 15 it, 136s)   R0=77%  U=54%  theta_w=0.0deg  Q=36%
    start 2: loss 1.72e+05 -> 3.67e+04 (5 accepted / 11 it, 109s)   R0=84%  U=58%  theta_w=0.0deg  Q=4%
    start 3: loss 2.61e+05 -> 3.67e+04 (5 accepted / 11 it, 106s)   R0=93%  U=61%  theta_w=0.0deg  Q=14%
    MLE (best of 4, loss 3.673e+04):
      R0           93.55 %   (restart sd 6.90)
      U            61.58 %   (restart sd 2.95)
      theta_w       0.01 deg   (restart sd 0.00)
      lb_k        159.31 %   (restart sd 16.92)
      w_buoy       32.57 %   (restart sd 8.21)
      Q            44.99 %   (restart sd 16.50)

  M+P (mask + plume image)
    start 0: loss 3.96e+05 -> 4.30e+04 (10 accepted / 18 it, 170s)   R0=0%  U=1%  theta_w=0.0deg  Q=4%
    start 1: loss 5.43e+05 -> 4.30e+04 (15 accepted / 20 it, 113s)   R0=0%  U=0%  theta_w=0.0deg  Q=2%
    start 2: loss 9.73e+05 -> 4.31e+04 (12 accepted / 18 it, 54s)   R0=2%  U=2%  theta_w=0.0deg  Q=19%
    start 3: loss 7.15e+04 -> 4.30e+04 (12 accepted / 20 it, 65s)   R0=1%  U=1%  theta_w=0.0deg  Q=8%
    MLE (best of 4, loss 4.298e+04):
      R0            0.31 %   (restart sd 0.48)
      U             0.31 %   (restart sd 0.53)
      theta_w       0.02 deg   (restart sd 0.00)
      lb_k          0.63 %   (restart sd 0.59)
      w_buoy        0.54 %   (restart sd 1.01)
      Q             2.35 %   (restart sd 6.63)

  M+C (mask + air-quality)
    start 0: loss 1.83e+05 -> 3.67e+04 (13 accepted / 16 it, 49s)   R0=19%  U=26%  theta_w=0.0deg  Q=28%
    start 1: loss 1.80e+05 -> 3.67e+04 (8 accepted / 13 it, 44s)   R0=61%  U=47%  theta_w=0.0deg  Q=46%
    start 2: loss 2.98e+05 -> 3.67e+04 (16 accepted / 21 it, 66s)   R0=172%  U=87%  theta_w=0.0deg  Q=87%
    start 3: loss 1.41e+05 -> 3.67e+04 (6 accepted / 12 it, 48s)   R0=22%  U=31%  theta_w=0.0deg  Q=33%
    MLE (best of 4, loss 3.674e+04):
      R0           19.36 %   (restart sd 61.91)
      U            26.14 %   (restart sd 24.00)
      theta_w       0.01 deg   (restart sd 0.00)
      lb_k         21.01 %   (restart sd 275.23)
      w_buoy       40.33 %   (restart sd 10.69)
      Q            28.40 %   (restart sd 23.03)

  M+P+C (all three)
    start 0: loss 4.84e+05 -> 4.30e+04 (13 accepted / 18 it, 55s)   R0=0%  U=0%  theta_w=0.0deg  Q=2%
    start 1: loss 5.04e+05 -> 4.30e+04 (10 accepted / 20 it, 65s)   R0=0%  U=0%  theta_w=0.0deg  Q=2%
    start 2: loss 9.63e+05 -> 4.30e+04 (14 accepted / 19 it, 57s)   R0=1%  U=1%  theta_w=0.0deg  Q=3%
    start 3: loss 1.57e+06 -> 5.43e+04 (33 accepted / 33 it, 76s)   R0=7%  U=8%  theta_w=0.6deg  Q=39%
    MLE (best of 4, loss 4.299e+04):
      R0            0.26 %   (restart sd 2.70)
      U             0.23 %   (restart sd 3.37)
      theta_w       0.01 deg   (restart sd 0.25)
      lb_k          0.56 %   (restart sd 6.48)
      w_buoy        0.35 %   (restart sd 7.39)
      Q             2.03 %   (restart sd 15.93)

==============================================================================
[3] VERDICT
==============================================================================
  P1 masks confound fuel with wind SPEED (but do give wind DIRECTION)
     weak direction is the R0/U/k_LB trade-off (load 1.73): -0.60*U  +0.60*lb_k  +0.53*R0   -> OK
     early-window CRB(U) = 6.92 (above the 10% tolerance)   -> OK
     degeneracy is a function of burn development: 312x worse at 9 min than at 27.5 min   -> OK
     MLE error on U = 62% while theta_w is only 0.01 deg   -> OK

  P2 the plume image breaks that confound (smoke is advected by wind,
     independently of fuel)
     CRB(U) at full window: 0.0260 -> 0.00054   (49x)
     CRB(U) at 9 min:       6.92 -> 0.00030   (22744x)  <- the window that matters
     MLE error on U: 62% -> 0.3%  (199.7x)   -> OK

  P3 one cheap air-quality point adds the absolute scale (Q / U term)
     CRB(Q): 0.0204 -> 0.0081   (2.5x)
     Fisher condition number: 1.54e+04 -> 2.49e+03   (6.2x better)
     MLE error on Q: 2% -> 2.0%   -> OK

  P4 the practical consequence, in minutes
     wind 2 m/s: U known to 10% at  never (>27 min) with masks, 2.2 min with the plume  -> 24.8 min gained
     wind 4 m/s: U known to 10% at         19.8 min with masks, 2.2 min with the plume  -> 17.5 min gained
     wind 6 m/s: U known to 10% at         13.6 min with masks, 2.2 min with the plume  -> 11.4 min gained
     -> OK

  (context) mask-only CRB on smoke terms: Q=9.6e+01  w_buoy=9.6e+01  -- masks carry no information about either

  *** GO ***  the state-space formulation is doing real work

  total wall time: 24.0 min
  wrote C:\Users\Administrator\新建文件夹\results\week0.json
