truth: fire reaches the road at 31.2 min
forecast sampled every 1 min; scored at +5, +10, +20 min
chi2 of the truth on the observed past (masks only): 7.4051e+04

  U_hat    R0_hat  k_LB_hat  past dchi2  road(min)   IoU+20  missed ha   over ha   front m
   2.40   0.14921    0.5833        0.00       28.2    0.628        0.9      26.2        15
   2.80   0.13372    0.5000        0.00       29.2    0.709        0.6      18.4        15
   3.20   0.12065    0.4375        0.00       30.2    0.810        0.4      10.4        15
   3.60   0.10953    0.3889       -0.08       30.2    0.916        0.2       4.1        15
   4.00   0.10000    0.3500        0.00       31.2    1.000        0.0       0.0         0
   4.40   0.09177    0.3182        0.03       32.2    0.927        3.3       0.1        60
   4.80   0.08462    0.2917       -0.08       33.2    0.870        5.9       0.2       105
   5.60   0.07284    0.2500        0.03       36.2    0.780       10.1       0.3       168
   6.40   0.06359    0.2187        0.03       38.2    0.706       13.5       0.4       225
   (5s)

  The two directions of error are not equivalent:
    under-estimating the wind -> over-estimating the fuel -> forecast too fast
       -> early warning, wasted evacuation (the 'over ha' column)
    over-estimating the wind  -> under-estimating the fuel -> forecast too slow
       -> LATE warning, land burns unforecast (the 'missed ha' column)
    A mask-only fit has no way to know which side of the valley it is on.

repeated mask-only fits from different starting points
  start 0: fitted U = 3.273 m/s, R0 = 0.11838   past loss 7.4048e+04   road at 30.2 min (-1.0)   IoU+20 0.839
  start 1: fitted U = 3.149 m/s, R0 = 0.12211   past loss 7.4048e+04   road at 29.2 min (-2.0)   IoU+20 0.793
  start 2: fitted U = 3.952 m/s, R0 = 0.10099   past loss 7.4048e+04   road at 31.2 min (+0.0)   IoU+20 0.994
  start 3: fitted U = 2.369 m/s, R0 = 0.15041   past loss 7.4048e+04   road at 28.2 min (-3.0)   IoU+20 0.619
  start 4: fitted U = 1.340 m/s, R0 = 0.20633   past loss 7.4048e+04   road at 25.2 min (-6.0)   IoU+20 0.475
  start 5: fitted U = 2.951 m/s, R0 = 0.12844   past loss 7.4048e+04   road at 29.2 min (-2.0)   IoU+20 0.738
  fitted wind speed across restarts: 1.34 to 3.95 m/s (truth 4.0)
  predicted road-crossing time:      25.2 to 31.2 min (truth 31.2)

fitting the observed past
  M   : U=3.434 (true 4.0), R0=0.11384 (true 0.1)   road at 30.2 min   IoU+20 0.883   missed 0.2 ha
  M+P : U=4.003 (true 4.0), R0=0.09988 (true 0.1)   road at 31.2 min   IoU+20 0.988   missed 0.5 ha

==============================================================================
HEADLINE
==============================================================================
  all 9 mask-only fits agree on the past to within delta chi^2 = 0.0 (1 sigma = 1)
  they predict the fire reaches the road between 28.2 and 38.2 min
  truth: 31.2 min
  worst error in the crossing time: 7.0 min
  forecast IoU at +20 min ranges 0.628 to 1.000
  land that burns but was not forecast to: 0 to 14 ha
  worst front-position error at +20 min: 225 m

  the single mask-only fit an optimiser returns: road at 30.2 min (-1.0 min), missed 0 ha
  the mask+plume fit: road at 31.2 min (+0.0 min), IoU 0.988, missed 0 ha

wrote C:\Users\Administrator\新建文件夹\figures\fig_wind_shift_forecast.png
wrote C:\Users\Administrator\新建文件夹\results\wind_shift_forecast.json
